// Jest Snapshot v1, https://goo.gl/fbAQLP

exports[`<App /> renders correctly 1`] = `
<div
  className="sc-hKwDye dnRGEm"
>
  <div
    className="sc-eCImPb cCCSIQ"
  >
    <h1
      className="sc-jRQBWg eywaeu"
    >
      GitHub Repo Finder
    </h1>
    <form
      className="sc-bdvvtL ilklID"
      onSubmit={[Function]}
    >
      <input
        className="sc-gsDKAQ ifTxWv"
        onChange={[Function]}
        placeholder="Search for GitHub repositories"
        type="search"
        value=""
      />
      <input
        className="sc-dkPtRN eshZZB"
        disabled={false}
        type="submit"
        value="Search"
      />
    </form>
  </div>
</div>
`;
